// Jest Snapshot v1, https://goo.gl/fbAQLP

exports[`should show EditExpense componenet 1`] = `
<div>
  <ExpenseForm
    expense={
      Object {
        "amount": 195,
        "createdAt": 0,
        "description": "Gum",
        "id": 1,
        "note": "",
      }
    }
    onSubmit={[Function]}
  />
  <p>
    <button
      className="removeExpense"
      onClick={[Function]}
    >
      Remove
    </button>
  </p>
</div>
`;
