// Jest Snapshot v1, https://goo.gl/fbAQLP

exports[`should render an expenseListItem 1`] = `
<div>
  <Link
    replace={false}
    to="/edit/1"
  >
    <h3>
      Gum
       
    </h3>
  </Link>
   - 
  195
  -
</div>
`;
