// Jest Snapshot v1, https://goo.gl/fbAQLP

exports[`should render empty message for expenselist 1`] = `
<div>
  <p>
    No Expenses
  </p>
</div>
`;

exports[`should render expesnselist component 1`] = `
<div>
  <ExpenseListItem
    amount={195}
    createdAt={0}
    description="Gum"
    id={1}
    key="1"
    note=""
  />
  <ExpenseListItem
    amount={109500}
    createdAt={-345600000}
    description="rent"
    id={2}
    key="2"
    note=""
  />
  <ExpenseListItem
    amount={4500}
    createdAt={345600000}
    description="credit card"
    id={4}
    key="4"
    note=""
  />
</div>
`;
